// Jest Snapshot v1, https://goo.gl/fbAQLP

exports[`DailyWeather Component Should render correctly 1`] = `
<div>
  <div
    class="flex justify-around h-full items-center flex-wrap mt-6 border-t"
  >
    <div
      class="flex items-center mt-4 mr-4"
    >
      <img
        alt="weather-icon"
        class="h-6 mr-2"
        src="[object Object]"
      />
      <div>
        <p
          class="text-white font-thin text-sm"
        >
          Monday 20th
        </p>
        <p
          class="text-white font-thin text-sm"
        >
          <span
            class="font-normal"
          >
            16
          </span>
          º /
           
          <span
            class="font-normal"
          >
            19
          </span>
          º
        </p>
      </div>
    </div>
    <div
      class="flex items-center mt-4 mr-4"
    >
      <img
        alt="weather-icon"
        class="h-6 mr-2"
        src="[object Object]"
      />
      <div>
        <p
          class="text-white font-thin text-sm"
        >
          Monday 20th
        </p>
        <p
          class="text-white font-thin text-sm"
        >
          <span
            class="font-normal"
          >
            16
          </span>
          º /
           
          <span
            class="font-normal"
          >
            19
          </span>
          º
        </p>
      </div>
    </div>
    <div
      class="flex items-center mt-4 mr-4"
    >
      <img
        alt="weather-icon"
        class="h-6 mr-2"
        src="[object Object]"
      />
      <div>
        <p
          class="text-white font-thin text-sm"
        >
          Monday 20th
        </p>
        <p
          class="text-white font-thin text-sm"
        >
          <span
            class="font-normal"
          >
            16
          </span>
          º /
           
          <span
            class="font-normal"
          >
            19
          </span>
          º
        </p>
      </div>
    </div>
    <div
      class="flex items-center mt-4 mr-4"
    >
      <img
        alt="weather-icon"
        class="h-6 mr-2"
        src="[object Object]"
      />
      <div>
        <p
          class="text-white font-thin text-sm"
        >
          Monday 20th
        </p>
        <p
          class="text-white font-thin text-sm"
        >
          <span
            class="font-normal"
          >
            16
          </span>
          º /
           
          <span
            class="font-normal"
          >
            19
          </span>
          º
        </p>
      </div>
    </div>
    <div
      class="flex items-center mt-4 mr-4"
    >
      <img
        alt="weather-icon"
        class="h-6 mr-2"
        src="[object Object]"
      />
      <div>
        <p
          class="text-white font-thin text-sm"
        >
          Monday 20th
        </p>
        <p
          class="text-white font-thin text-sm"
        >
          <span
            class="font-normal"
          >
            16
          </span>
          º /
           
          <span
            class="font-normal"
          >
            19
          </span>
          º
        </p>
      </div>
    </div>
  </div>
</div>
`;
